2025-12-28 19:12:29,156 - ERROR - 加载预留测试股票pbio.us失败：No columns to parse from file
2025-12-28 19:12:29,379 - WARNING - 预留测试股票ttai.us数据量不足，跳过
2025-12-28 19:12:29,477 - WARNING - 预留测试股票bfit.us数据量不足，跳过
2025-12-28 19:12:29,480 - WARNING - 预留测试股票bpmp.us数据量不足，跳过
2025-12-28 19:12:29,622 - INFO - 开始加载0支训练股票（目标数量：0）
2025-12-28 19:12:29,622 - INFO - 训练股票加载完成：实际加载0支（目标0支）
2025-12-28 19:12:29,622 - INFO - 独立测试股票加载完成：共21支
2025-12-28 19:12:29,622 - INFO - 
=====================================
2025-12-28 19:12:29,622 - INFO - 开始处理股票数量：1
2025-12-28 19:12:29,622 - INFO - =====================================

2025-12-28 19:12:29,838 - WARNING - 预留测试股票acmr.us数据量不足，跳过
2025-12-28 19:12:29,864 - WARNING - 预留测试股票sogo.us数据量不足，跳过
2025-12-28 19:12:29,867 - WARNING - 预留测试股票tgp_b.us数据量不足，跳过
2025-12-28 19:12:30,094 - INFO - 开始加载1支训练股票（目标数量：1）
2025-12-28 19:12:30,111 - INFO - 训练股票加载完成：实际加载1支（目标1支）
2025-12-28 19:12:30,111 - INFO - 独立测试股票加载完成：共22支
2025-12-28 19:12:31,130 - INFO - 序列构造完成：总样本数2779，序列长度60，特征数9
2025-12-28 19:12:31,162 - INFO - 数据集划分：训练集(2223, 60, 9)，验证集(277, 60, 9)，内部测试集(279, 60, 9)
2025-12-28 19:12:31,788 - INFO - 开始训练LSTM模型（股票数量：1，设备：cpu）
2025-12-28 19:12:34,989 - INFO - EarlyStopping counter: 1 out of 5
2025-12-28 19:12:35,517 - INFO - Epoch [5/50], Train Loss: 0.003963, Val Loss: 0.000140
2025-12-28 19:12:37,165 - INFO - EarlyStopping counter: 1 out of 5
2025-12-28 19:12:37,796 - INFO - EarlyStopping counter: 2 out of 5
2025-12-28 19:12:38,368 - INFO - Epoch [10/50], Train Loss: 0.002444, Val Loss: 0.000004
2025-12-28 19:12:38,369 - INFO - EarlyStopping counter: 3 out of 5
2025-12-28 19:12:39,728 - INFO - EarlyStopping counter: 1 out of 5
2025-12-28 19:12:40,279 - INFO - EarlyStopping counter: 2 out of 5
2025-12-28 19:12:40,867 - INFO - EarlyStopping counter: 3 out of 5
2025-12-28 19:12:41,422 - INFO - Epoch [15/50], Train Loss: 0.002425, Val Loss: 0.000021
2025-12-28 19:12:41,423 - INFO - EarlyStopping counter: 4 out of 5
2025-12-28 19:12:41,939 - INFO - EarlyStopping counter: 5 out of 5
2025-12-28 19:12:41,959 - INFO - Restored best model weights from early stopping
2025-12-28 19:12:41,959 - INFO - Early stopping triggered at epoch 16
2025-12-28 19:12:42,947 - INFO - 开始训练GRU模型（股票数量：1，设备：cpu）
2025-12-28 19:12:50,090 - INFO - EarlyStopping counter: 1 out of 5
2025-12-28 19:12:54,635 - INFO - Epoch [5/50], Train Loss: 0.002446, Val Loss: 0.000012
2025-12-28 19:12:56,993 - INFO - EarlyStopping counter: 1 out of 5
2025-12-28 19:13:01,689 - INFO - EarlyStopping counter: 1 out of 5
2025-12-28 19:13:04,140 - INFO - EarlyStopping counter: 2 out of 5
2025-12-28 19:13:06,379 - INFO - Epoch [10/50], Train Loss: 0.002167, Val Loss: 0.000012
2025-12-28 19:13:06,379 - INFO - EarlyStopping counter: 3 out of 5
2025-12-28 19:13:08,688 - INFO - EarlyStopping counter: 4 out of 5
2025-12-28 19:13:11,068 - INFO - EarlyStopping counter: 5 out of 5
2025-12-28 19:13:11,068 - INFO - Restored best model weights from early stopping
2025-12-28 19:13:11,068 - INFO - Early stopping triggered at epoch 12
2025-12-28 19:13:11,232 - INFO - 开始训练CNN-LSTM模型（股票数量：1，设备：cpu）
2025-12-28 19:13:13,343 - INFO - Epoch [5/50], Train Loss: 0.002443, Val Loss: 0.000034
2025-12-28 19:13:13,694 - INFO - EarlyStopping counter: 1 out of 5
2025-12-28 19:13:14,019 - INFO - EarlyStopping counter: 2 out of 5
2025-12-28 19:13:14,318 - INFO - EarlyStopping counter: 3 out of 5
2025-12-28 19:13:14,644 - INFO - EarlyStopping counter: 4 out of 5
2025-12-28 19:13:14,962 - INFO - Epoch [10/50], Train Loss: 0.002169, Val Loss: 0.000027
2025-12-28 19:13:15,591 - INFO - EarlyStopping counter: 1 out of 5
2025-12-28 19:13:15,924 - INFO - EarlyStopping counter: 2 out of 5
2025-12-28 19:13:16,251 - INFO - EarlyStopping counter: 3 out of 5
2025-12-28 19:13:16,593 - INFO - Epoch [15/50], Train Loss: 0.001646, Val Loss: 0.000011
2025-12-28 19:13:16,593 - INFO - EarlyStopping counter: 4 out of 5
2025-12-28 19:13:16,954 - INFO - EarlyStopping counter: 5 out of 5
2025-12-28 19:13:16,954 - INFO - Restored best model weights from early stopping
2025-12-28 19:13:16,954 - INFO - Early stopping triggered at epoch 16
2025-12-28 19:13:17,098 - INFO - 开始训练Attention-LSTM模型（股票数量：1，设备：cpu）
2025-12-28 19:13:18,518 - INFO - EarlyStopping counter: 1 out of 5
2025-12-28 19:13:19,843 - INFO - EarlyStopping counter: 1 out of 5
2025-12-28 19:13:20,518 - INFO - Epoch [5/50], Train Loss: 0.013457, Val Loss: 0.001457
2025-12-28 19:13:20,518 - INFO - EarlyStopping counter: 2 out of 5
2025-12-28 19:13:21,209 - INFO - EarlyStopping counter: 3 out of 5
2025-12-28 19:13:21,863 - INFO - EarlyStopping counter: 4 out of 5
2025-12-28 19:13:22,540 - INFO - EarlyStopping counter: 5 out of 5
2025-12-28 19:13:22,541 - INFO - Restored best model weights from early stopping
2025-12-28 19:13:22,541 - INFO - Early stopping triggered at epoch 8
2025-12-28 19:13:23,841 - INFO - 序列构造完成：总样本数3132，序列长度60，特征数9
2025-12-28 19:13:24,463 - INFO - 序列构造完成：总样本数1020，序列长度60，特征数9
2025-12-28 19:13:25,006 - INFO - 序列构造完成：总样本数1136，序列长度60，特征数9
2025-12-28 19:13:26,562 - INFO - 序列构造完成：总样本数3132，序列长度60，特征数9
2025-12-28 19:13:27,155 - INFO - 序列构造完成：总样本数886，序列长度60，特征数9
2025-12-28 19:13:27,743 - INFO - 序列构造完成：总样本数1059，序列长度60，特征数9
2025-12-28 19:13:29,389 - INFO - 序列构造完成：总样本数3131，序列长度60，特征数9
2025-12-28 19:13:29,948 - INFO - 序列构造完成：总样本数790，序列长度60，特征数9
2025-12-28 19:13:30,847 - INFO - 序列构造完成：总样本数2101，序列长度60，特征数9
2025-12-28 19:13:31,568 - INFO - 序列构造完成：总样本数1316，序列长度60，特征数9
2025-12-28 19:13:32,391 - INFO - 序列构造完成：总样本数1750，序列长度60，特征数9
2025-12-28 19:13:33,694 - INFO - 序列构造完成：总样本数3132，序列长度60，特征数9
2025-12-28 19:13:34,251 - INFO - 序列构造完成：总样本数977，序列长度60，特征数9
2025-12-28 19:13:35,539 - INFO - 序列构造完成：总样本数3052，序列长度60，特征数9
2025-12-28 19:13:37,873 - INFO - 序列构造完成：总样本数5183，序列长度60，特征数9
2025-12-28 19:13:39,479 - INFO - 序列构造完成：总样本数3132，序列长度60，特征数9
2025-12-28 19:13:40,409 - INFO - 序列构造完成：总样本数1749，序列长度60，特征数9
2025-12-28 19:13:41,871 - INFO - 序列构造完成：总样本数3132，序列长度60，特征数9
2025-12-28 19:13:43,345 - INFO - 序列构造完成：总样本数3132，序列长度60，特征数9
2025-12-28 19:13:43,697 - INFO - 序列构造完成：总样本数294，序列长度60，特征数9
2025-12-28 19:13:44,367 - INFO - 序列构造完成：总样本数1464，序列长度60，特征数9
2025-12-28 19:13:44,611 - INFO - 股票数量=1 - LSTM 泛化能力评估（平均）：
2025-12-28 19:13:44,700 - INFO - MAE=2.31, MSE=26.10, RMSE=3.01, R2=0.7376
2025-12-28 19:13:45,849 - INFO - 序列构造完成：总样本数3132，序列长度60，特征数9
2025-12-28 19:13:46,464 - INFO - 序列构造完成：总样本数1020，序列长度60，特征数9
2025-12-28 19:13:47,117 - INFO - 序列构造完成：总样本数1136，序列长度60，特征数9
2025-12-28 19:13:48,610 - INFO - 序列构造完成：总样本数3132，序列长度60，特征数9
2025-12-28 19:13:49,588 - INFO - 序列构造完成：总样本数886，序列长度60，特征数9
2025-12-28 19:13:50,127 - INFO - 序列构造完成：总样本数1059，序列长度60，特征数9
2025-12-28 19:13:51,486 - INFO - 序列构造完成：总样本数3131，序列长度60，特征数9
2025-12-28 19:13:52,047 - INFO - 序列构造完成：总样本数790，序列长度60，特征数9
2025-12-28 19:13:53,459 - INFO - 序列构造完成：总样本数2101，序列长度60，特征数9
2025-12-28 19:13:54,138 - INFO - 序列构造完成：总样本数1316，序列长度60，特征数9
2025-12-28 19:13:54,947 - INFO - 序列构造完成：总样本数1750，序列长度60，特征数9
2025-12-28 19:13:56,590 - INFO - 序列构造完成：总样本数3132，序列长度60，特征数9
2025-12-28 19:13:57,808 - INFO - 序列构造完成：总样本数977，序列长度60，特征数9
2025-12-28 19:13:59,326 - INFO - 序列构造完成：总样本数3052，序列长度60，特征数9
2025-12-28 19:14:02,277 - INFO - 序列构造完成：总样本数5183，序列长度60，特征数9
2025-12-28 19:14:03,970 - INFO - 序列构造完成：总样本数3132，序列长度60，特征数9
2025-12-28 19:14:04,934 - INFO - 序列构造完成：总样本数1749，序列长度60，特征数9
2025-12-28 19:14:06,619 - INFO - 序列构造完成：总样本数3132，序列长度60，特征数9
2025-12-28 19:14:08,031 - INFO - 序列构造完成：总样本数3132，序列长度60，特征数9
2025-12-28 19:14:08,516 - INFO - 序列构造完成：总样本数294，序列长度60，特征数9
2025-12-28 19:14:09,284 - INFO - 序列构造完成：总样本数1464，序列长度60，特征数9
2025-12-28 19:14:09,506 - INFO - 股票数量=1 - GRU 泛化能力评估（平均）：
2025-12-28 19:14:09,506 - INFO - MAE=2.02, MSE=20.19, RMSE=2.70, R2=0.7807
2025-12-28 19:14:10,634 - INFO - 序列构造完成：总样本数3132，序列长度60，特征数9
2025-12-28 19:14:11,184 - INFO - 序列构造完成：总样本数1020，序列长度60，特征数9
2025-12-28 19:14:11,713 - INFO - 序列构造完成：总样本数1136，序列长度60，特征数9
2025-12-28 19:14:13,060 - INFO - 序列构造完成：总样本数3132，序列长度60，特征数9
2025-12-28 19:14:13,566 - INFO - 序列构造完成：总样本数886，序列长度60，特征数9
2025-12-28 19:14:14,067 - INFO - 序列构造完成：总样本数1059，序列长度60，特征数9
2025-12-28 19:14:15,416 - INFO - 序列构造完成：总样本数3131，序列长度60，特征数9
2025-12-28 19:14:15,901 - INFO - 序列构造完成：总样本数790，序列长度60，特征数9
2025-12-28 19:14:16,770 - INFO - 序列构造完成：总样本数2101，序列长度60，特征数9
2025-12-28 19:14:17,457 - INFO - 序列构造完成：总样本数1316，序列长度60，特征数9
2025-12-28 19:14:18,215 - INFO - 序列构造完成：总样本数1750，序列长度60，特征数9
2025-12-28 19:14:19,520 - INFO - 序列构造完成：总样本数3132，序列长度60，特征数9
2025-12-28 19:14:20,062 - INFO - 序列构造完成：总样本数977，序列长度60，特征数9
2025-12-28 19:14:21,369 - INFO - 序列构造完成：总样本数3052，序列长度60，特征数9
2025-12-28 19:14:23,795 - INFO - 序列构造完成：总样本数5183，序列长度60，特征数9
2025-12-28 19:14:25,273 - INFO - 序列构造完成：总样本数3132，序列长度60，特征数9
2025-12-28 19:14:26,072 - INFO - 序列构造完成：总样本数1749，序列长度60，特征数9
2025-12-28 19:14:27,417 - INFO - 序列构造完成：总样本数3132，序列长度60，特征数9
2025-12-28 19:14:28,774 - INFO - 序列构造完成：总样本数3132，序列长度60，特征数9
2025-12-28 19:14:29,087 - INFO - 序列构造完成：总样本数294，序列长度60，特征数9
2025-12-28 19:14:29,730 - INFO - 序列构造完成：总样本数1464，序列长度60，特征数9
2025-12-28 19:14:29,907 - INFO - 股票数量=1 - CNN-LSTM 泛化能力评估（平均）：
2025-12-28 19:14:29,907 - INFO - MAE=1.77, MSE=16.24, RMSE=2.42, R2=0.8107
2025-12-28 19:14:31,053 - INFO - 序列构造完成：总样本数3132，序列长度60，特征数9
2025-12-28 19:14:31,733 - INFO - 序列构造完成：总样本数1020，序列长度60，特征数9
2025-12-28 19:14:32,337 - INFO - 序列构造完成：总样本数1136，序列长度60，特征数9
2025-12-28 19:14:33,818 - INFO - 序列构造完成：总样本数3132，序列长度60，特征数9
2025-12-28 19:14:34,405 - INFO - 序列构造完成：总样本数886，序列长度60，特征数9
2025-12-28 19:14:34,943 - INFO - 序列构造完成：总样本数1059，序列长度60，特征数9
2025-12-28 19:14:36,332 - INFO - 序列构造完成：总样本数3131，序列长度60，特征数9
2025-12-28 19:14:37,014 - INFO - 序列构造完成：总样本数790，序列长度60，特征数9
2025-12-28 19:14:37,933 - INFO - 序列构造完成：总样本数2101，序列长度60，特征数9
2025-12-28 19:14:38,722 - INFO - 序列构造完成：总样本数1316，序列长度60，特征数9
2025-12-28 19:14:39,603 - INFO - 序列构造完成：总样本数1750，序列长度60，特征数9
2025-12-28 19:14:40,996 - INFO - 序列构造完成：总样本数3132，序列长度60，特征数9
2025-12-28 19:14:41,627 - INFO - 序列构造完成：总样本数977，序列长度60，特征数9
2025-12-28 19:14:43,023 - INFO - 序列构造完成：总样本数3052，序列长度60，特征数9
2025-12-28 19:14:45,488 - INFO - 序列构造完成：总样本数5183，序列长度60，特征数9
2025-12-28 19:14:47,114 - INFO - 序列构造完成：总样本数3132，序列长度60，特征数9
2025-12-28 19:14:48,022 - INFO - 序列构造完成：总样本数1749，序列长度60，特征数9
2025-12-28 19:14:49,458 - INFO - 序列构造完成：总样本数3132，序列长度60，特征数9
2025-12-28 19:14:51,071 - INFO - 序列构造完成：总样本数3132，序列长度60，特征数9
2025-12-28 19:14:51,486 - INFO - 序列构造完成：总样本数294，序列长度60，特征数9
2025-12-28 19:14:52,106 - INFO - 序列构造完成：总样本数1464，序列长度60，特征数9
2025-12-28 19:14:52,337 - INFO - 股票数量=1 - Attention-LSTM 泛化能力评估（平均）：
2025-12-28 19:14:52,337 - INFO - MAE=3.81, MSE=78.17, RMSE=5.27, R2=0.3344
2025-12-28 19:14:52,337 - INFO - 股票数量1：所有模型评估完成，结果已保存
2025-12-28 19:14:52,337 - INFO - 
=====================================
2025-12-28 19:14:52,337 - INFO - 开始处理股票数量：10
2025-12-28 19:14:52,338 - INFO - =====================================

2025-12-28 19:14:52,808 - INFO - 开始加载10支训练股票（目标数量：10）
2025-12-28 19:14:52,819 - WARNING - 跳过训练股票rnlc.us：数据量不足
2025-12-28 19:14:52,846 - WARNING - 跳过训练股票lnc-ws.us：数据量不足
2025-12-28 19:14:52,918 - INFO - 训练股票加载完成：实际加载8支（目标10支）
2025-12-28 19:14:52,918 - INFO - 独立测试股票加载完成：共25支
2025-12-28 19:16:35,795 - INFO - 序列构造完成：总样本数19364，序列长度60，特征数9
2025-12-28 19:16:36,002 - INFO - 数据集划分：训练集(15491, 60, 9)，验证集(1936, 60, 9)，内部测试集(1937, 60, 9)
2025-12-28 19:16:37,683 - INFO - 开始训练LSTM模型（股票数量：10，设备：cpu）
2025-12-28 19:17:04,158 - INFO - Epoch [5/50], Train Loss: 0.001561, Val Loss: 0.002531
2025-12-28 19:17:04,159 - INFO - EarlyStopping counter: 1 out of 5
2025-12-28 19:17:08,190 - INFO - EarlyStopping counter: 2 out of 5
2025-12-28 19:17:12,082 - INFO - EarlyStopping counter: 3 out of 5
2025-12-28 19:17:16,042 - INFO - EarlyStopping counter: 4 out of 5
2025-12-28 19:17:20,062 - INFO - EarlyStopping counter: 5 out of 5
2025-12-28 19:17:20,071 - INFO - Restored best model weights from early stopping
2025-12-28 19:17:20,071 - INFO - Early stopping triggered at epoch 9
2025-12-28 19:17:23,044 - INFO - 开始训练GRU模型（股票数量：10，设备：cpu）
2025-12-28 19:18:11,636 - INFO - EarlyStopping counter: 1 out of 5
2025-12-28 19:18:27,273 - INFO - EarlyStopping counter: 2 out of 5
2025-12-28 19:18:44,421 - INFO - Epoch [5/50], Train Loss: 0.001410, Val Loss: 0.003292
2025-12-28 19:18:44,421 - INFO - EarlyStopping counter: 3 out of 5
2025-12-28 19:19:15,571 - INFO - EarlyStopping counter: 1 out of 5
2025-12-28 19:19:51,034 - INFO - EarlyStopping counter: 1 out of 5
2025-12-28 19:20:08,900 - INFO - Epoch [10/50], Train Loss: 0.001132, Val Loss: 0.002648
2025-12-28 19:20:08,901 - INFO - EarlyStopping counter: 2 out of 5
2025-12-28 19:20:26,438 - INFO - EarlyStopping counter: 3 out of 5
2025-12-28 19:20:43,886 - INFO - EarlyStopping counter: 4 out of 5
2025-12-28 19:21:00,889 - INFO - EarlyStopping counter: 5 out of 5
2025-12-28 19:21:00,889 - INFO - Restored best model weights from early stopping
2025-12-28 19:21:00,889 - INFO - Early stopping triggered at epoch 13
2025-12-28 19:21:01,095 - INFO - 开始训练CNN-LSTM模型（股票数量：10，设备：cpu）
2025-12-28 19:21:06,408 - INFO - EarlyStopping counter: 1 out of 5
2025-12-28 19:21:08,867 - INFO - EarlyStopping counter: 2 out of 5
2025-12-28 19:21:13,502 - INFO - Epoch [5/50], Train Loss: 0.001535, Val Loss: 0.007240
2025-12-28 19:21:20,939 - INFO - EarlyStopping counter: 1 out of 5
2025-12-28 19:21:23,420 - INFO - EarlyStopping counter: 2 out of 5
2025-12-28 19:21:25,758 - INFO - Epoch [10/50], Train Loss: 0.001091, Val Loss: 0.004067
2025-12-28 19:21:28,000 - INFO - EarlyStopping counter: 1 out of 5
2025-12-28 19:21:30,228 - INFO - EarlyStopping counter: 2 out of 5
2025-12-28 19:21:32,479 - INFO - EarlyStopping counter: 3 out of 5
2025-12-28 19:21:37,291 - INFO - Epoch [15/50], Train Loss: 0.000835, Val Loss: 0.002418
2025-12-28 19:21:37,291 - INFO - EarlyStopping counter: 1 out of 5
2025-12-28 19:21:39,841 - INFO - EarlyStopping counter: 2 out of 5
2025-12-28 19:21:42,363 - INFO - EarlyStopping counter: 3 out of 5
2025-12-28 19:21:47,072 - INFO - EarlyStopping counter: 1 out of 5
2025-12-28 19:21:49,322 - INFO - Epoch [20/50], Train Loss: 0.000720, Val Loss: 0.000778
2025-12-28 19:21:49,322 - INFO - EarlyStopping counter: 2 out of 5
2025-12-28 19:21:51,515 - INFO - EarlyStopping counter: 3 out of 5
2025-12-28 19:21:53,671 - INFO - EarlyStopping counter: 4 out of 5
2025-12-28 19:21:55,820 - INFO - EarlyStopping counter: 5 out of 5
2025-12-28 19:21:55,821 - INFO - Restored best model weights from early stopping
2025-12-28 19:21:55,821 - INFO - Early stopping triggered at epoch 23
2025-12-28 19:21:55,976 - INFO - 开始训练Attention-LSTM模型（股票数量：10，设备：cpu）
2025-12-28 19:22:15,380 - INFO - EarlyStopping counter: 1 out of 5
2025-12-28 19:22:20,382 - INFO - Epoch [5/50], Train Loss: 0.049344, Val Loss: 0.056987
2025-12-28 19:22:20,382 - INFO - EarlyStopping counter: 2 out of 5
2025-12-28 19:22:25,071 - INFO - EarlyStopping counter: 3 out of 5
2025-12-28 19:22:29,939 - INFO - EarlyStopping counter: 4 out of 5
2025-12-28 19:22:39,660 - INFO - EarlyStopping counter: 1 out of 5
2025-12-28 19:22:44,924 - INFO - Epoch [10/50], Train Loss: 0.037638, Val Loss: 0.033720
2025-12-28 19:22:44,924 - INFO - EarlyStopping counter: 2 out of 5
2025-12-28 19:22:50,439 - INFO - EarlyStopping counter: 3 out of 5
2025-12-28 19:22:56,074 - INFO - EarlyStopping counter: 4 out of 5
2025-12-28 19:23:02,236 - INFO - EarlyStopping counter: 5 out of 5
2025-12-28 19:23:02,237 - INFO - Restored best model weights from early stopping
2025-12-28 19:23:02,237 - INFO - Early stopping triggered at epoch 13
2025-12-28 19:23:03,709 - INFO - 序列构造完成：总样本数3132，序列长度60，特征数9
2025-12-28 19:23:04,394 - INFO - 序列构造完成：总样本数1020，序列长度60，特征数9
2025-12-28 19:23:05,005 - INFO - 序列构造完成：总样本数1136，序列长度60，特征数9
2025-12-28 19:23:06,456 - INFO - 序列构造完成：总样本数3132，序列长度60，特征数9
2025-12-28 19:23:07,029 - INFO - 序列构造完成：总样本数886，序列长度60，特征数9
2025-12-28 19:23:07,583 - INFO - 序列构造完成：总样本数1059，序列长度60，特征数9
2025-12-28 19:23:09,107 - INFO - 序列构造完成：总样本数3131，序列长度60，特征数9
2025-12-28 19:23:09,647 - INFO - 序列构造完成：总样本数790，序列长度60，特征数9
2025-12-28 19:23:10,652 - INFO - 序列构造完成：总样本数2101，序列长度60，特征数9
2025-12-28 19:23:11,338 - INFO - 序列构造完成：总样本数1316，序列长度60，特征数9
2025-12-28 19:23:12,212 - INFO - 序列构造完成：总样本数1750，序列长度60，特征数9
2025-12-28 19:23:13,953 - INFO - 序列构造完成：总样本数3132，序列长度60，特征数9
2025-12-28 19:23:14,626 - INFO - 序列构造完成：总样本数977，序列长度60，特征数9
2025-12-28 19:23:16,050 - INFO - 序列构造完成：总样本数3052，序列长度60，特征数9
2025-12-28 19:23:18,686 - INFO - 序列构造完成：总样本数5183，序列长度60，特征数9
2025-12-28 19:23:20,308 - INFO - 序列构造完成：总样本数3132，序列长度60，特征数9
2025-12-28 19:23:21,159 - INFO - 序列构造完成：总样本数1749，序列长度60，特征数9
2025-12-28 19:23:22,618 - INFO - 序列构造完成：总样本数3132，序列长度60，特征数9
2025-12-28 19:23:24,142 - INFO - 序列构造完成：总样本数3132，序列长度60，特征数9
2025-12-28 19:23:24,533 - INFO - 序列构造完成：总样本数294，序列长度60，特征数9
2025-12-28 19:23:25,237 - INFO - 序列构造完成：总样本数1464，序列长度60，特征数9
2025-12-28 19:23:25,464 - INFO - 股票数量=10 - LSTM 泛化能力评估（平均）：
2025-12-28 19:23:25,464 - INFO - MAE=2.97, MSE=55.96, RMSE=3.21, R2=0.8910
2025-12-28 19:23:26,710 - INFO - 序列构造完成：总样本数3132，序列长度60，特征数9
2025-12-28 19:23:27,356 - INFO - 序列构造完成：总样本数1020，序列长度60，特征数9
2025-12-28 19:23:28,055 - INFO - 序列构造完成：总样本数1136，序列长度60，特征数9
2025-12-28 19:23:29,499 - INFO - 序列构造完成：总样本数3132，序列长度60，特征数9
2025-12-28 19:23:30,109 - INFO - 序列构造完成：总样本数886，序列长度60，特征数9
2025-12-28 19:23:30,669 - INFO - 序列构造完成：总样本数1059，序列长度60，特征数9
2025-12-28 19:23:32,126 - INFO - 序列构造完成：总样本数3131，序列长度60，特征数9
2025-12-28 19:23:32,700 - INFO - 序列构造完成：总样本数790，序列长度60，特征数9
2025-12-28 19:23:33,740 - INFO - 序列构造完成：总样本数2101，序列长度60，特征数9
2025-12-28 19:23:34,474 - INFO - 序列构造完成：总样本数1316，序列长度60，特征数9
2025-12-28 19:23:35,301 - INFO - 序列构造完成：总样本数1750，序列长度60，特征数9
2025-12-28 19:23:36,869 - INFO - 序列构造完成：总样本数3132，序列长度60，特征数9
2025-12-28 19:23:37,518 - INFO - 序列构造完成：总样本数977，序列长度60，特征数9
2025-12-28 19:23:39,175 - INFO - 序列构造完成：总样本数3052，序列长度60，特征数9
2025-12-28 19:23:41,995 - INFO - 序列构造完成：总样本数5183，序列长度60，特征数9
2025-12-28 19:23:43,810 - INFO - 序列构造完成：总样本数3132，序列长度60，特征数9
2025-12-28 19:23:44,907 - INFO - 序列构造完成：总样本数1749，序列长度60，特征数9
2025-12-28 19:23:46,449 - INFO - 序列构造完成：总样本数3132，序列长度60，特征数9
2025-12-28 19:23:48,123 - INFO - 序列构造完成：总样本数3132，序列长度60，特征数9
2025-12-28 19:23:48,560 - INFO - 序列构造完成：总样本数294，序列长度60，特征数9
2025-12-28 19:23:49,280 - INFO - 序列构造完成：总样本数1464，序列长度60，特征数9
2025-12-28 19:23:49,595 - INFO - 股票数量=10 - GRU 泛化能力评估（平均）：
2025-12-28 19:23:49,595 - INFO - MAE=2.13, MSE=33.35, RMSE=2.46, R2=0.9234
2025-12-28 19:23:50,782 - INFO - 序列构造完成：总样本数3132，序列长度60，特征数9
2025-12-28 19:23:51,329 - INFO - 序列构造完成：总样本数1020，序列长度60，特征数9
2025-12-28 19:23:51,861 - INFO - 序列构造完成：总样本数1136，序列长度60，特征数9
